{"logTime": "0330/091610", "correlationVector":"s/6jQZ9u+Ghf3ahxlGIdY5.1","action":"SyncServerConnectionManagerRequest", "result":"SYNC_SERVER_OK", "context":{"environment":"Prod_southindia_prod-s01-004-apac-southindia", "migrationStage":"NotStarted", "server":"akswtt103000014"}}
{"logTime": "0330/091610", "correlationVector":"s/6jQZ9u+Ghf3ahxlGIdY5.2","action":"ProcessGetUpdates", "result":"Done", "context":{"dataType":"Encryption Keys", "deleted":"0", "process_failed_to_decrypt":"0", "process_pending_decryption":"0", "process_success":"1", "total":"1"}}
{"logTime": "0330/091610", "correlationVector":"sBpbFsdVFPH27SfARa0PcX","action":"SyncServerConnectionManagerRequest", "result":"SYNC_SERVER_OK", "context":{"environment":"", "migrationStage":"", "server":""}}
{"logTime": "0330/091610", "correlationVector":"sBpbFsdVFPH27SfARa0PcX.0","action":"EncryptionKeysFetcher.DownloadKeys:", "result":"Success", "context":Key count: 9, Last key timestamp: 2026-01-02T12:42:04Z}
{"logTime": "0330/091610", "correlationVector":"sBpbFsdVFPH27SfARa0PcX.1","action":"EncryptionKeysManager::SetEncryptionKeys:", "result":"Success", "context":Key names[9]:[aLir/gRHVh7NuzfrjSJk+pi6xmVmSHL8MGO1OUIXCjoJVD0G+/6YVHkp10/lAOOXL6sfn5IHpqFk8yyXljvX3g==][j97V0vUi5O2Y8uf5iMqy8w2nhYhj5kvZTMFy2C6ojtiw7afo6JsR4CPi5j1avERIe6Y8L6vxPxkBciUZdZoKUw==][e65TMtdznfw2rv/cdRzYHZcqJXvCOX6RCIE/7r3ddeexxCmk+8rm8qsiz8e4SV7zBCTzr/DSaWbppB4dO7aJaA==][JFAtql9bvAg+7eJzua4XfvcEG3sUzhyQVKA7L1853xi5WsXF4Mp+4CiYU7GwJJYvn0AOuiRTgi4/D6fn1H9kNg==][wQoGxrIROJ5KImU3XcCDT8PFtSaHnQi3IKk2c4Z0JqH9qalaocqo0JLqAj2eFuF2fWRDBvBMGKynh7wV6upqcg==][Mw+qwdGULettMSLF4eb8EtYVlK7MFSRegUFWzMJLz+OuMt+1V09dbRpsnJP481hYFwNVv2nuY2jhVKUUJCw1eg==][5TnOWgWQ26I1nusgAgcDyfJ2qnL/DZYAU9jFZINyMyDmfRJWQ4Gnzlao7zj2bxyWjMOG+4/I2Vu/ahLns2xBTQ==][PA3WX6yjlnSF75CJhFxU4/yj0ZSkzHNI3ONK+7KaL5QRaqE07nDQo4gnHk2G72q5+lSTq2P1NJTBZe0cRsYhbg==][7lRWNsDcrwVfLrKHDOAlmPbAsCYS10xNuBg11IyiwfI6zJVX+2xDe4xiQN7yOCDVLfyfZSyVuEwqhf2iqkgCmQ==]}
{"logTime": "0330/091610", "correlationVector":"sBpbFsdVFPH27SfARa0PcX.2","action":"EncryptionKeysManager::SetEncryptionKeysWithTimestamps:", "result":"Success", "context":Key timestamps[9]:[2022-04-13T16:21:36Z][2022-10-11T11:20:28Z][2023-04-09T13:10:20Z][2023-07-01T15:56:49Z][2023-12-29T12:04:54Z][2024-06-26T17:58:13Z][2025-01-02T18:47:03Z][2025-07-06T11:24:51Z][2026-01-02T12:42:04Z]}
{"logTime": "0330/091610", "correlationVector":"s/6jQZ9u+Ghf3ahxlGIdY5","action":"Initial GetUpdates", "result":"", "context":Reason: NEW_CLIENT. cV=s/6jQZ9u+Ghf3ahxlGIdY5}
{"logTime": "0330/091610", "correlationVector":"s/6jQZ9u+Ghf3ahxlGIdY5.3","action":"GetUpdates Response", "result":"Success", "context":Received 1 update(s). cV=s/6jQZ9u+Ghf3ahxlGIdY5.0;server=akswtt103000014;cloudType=Consumer;environment=Prod_southindia_prod-s01-004-apac-southindia;migrationStage=NotStarted}
{"logTime": "0330/091610", "correlationVector":"onv2EO9Q2O+nqX8GfwLkhh","action":"Initial GetUpdates", "result":"", "context":Reason: NEWLY_SUPPORTED_DATATYPE. cV=onv2EO9Q2O+nqX8GfwLkhh}
{"logTime": "0330/091611", "correlationVector":"onv2EO9Q2O+nqX8GfwLkhh.1","action":"SyncServerConnectionManagerRequest", "result":"SYNC_SERVER_OK", "context":{"environment":"Prod_southindia_prod-s01-004-apac-southindia", "migrationStage":"NotStarted", "server":"akswtt103000014"}}
{"logTime": "0330/091611", "correlationVector":"onv2EO9Q2O+nqX8GfwLkhh.2","action":"ProcessGetUpdates", "result":"Done", "context":{"dataType":"Preferences", "deleted":"0", "process_failed_to_decrypt":"0", "process_pending_decryption":"0", "process_success":"96", "total":"96"}}
{"logTime": "0330/091611", "correlationVector":"onv2EO9Q2O+nqX8GfwLkhh.3","action":"ProcessGetUpdates", "result":"Done", "context":{"dataType":"Passwords", "deleted":"0", "process_failed_to_decrypt":"0", "process_pending_decryption":"0", "process_success":"144", "total":"144"}}
{"logTime": "0330/091611", "correlationVector":"onv2EO9Q2O+nqX8GfwLkhh.4","action":"ProcessGetUpdates", "result":"Done", "context":{"dataType":"Device Info", "deleted":"0", "process_failed_to_decrypt":"0", "process_pending_decryption":"0", "process_success":"10", "total":"10"}}
{"logTime": "0330/091611", "correlationVector":"onv2EO9Q2O+nqX8GfwLkhh.5","action":"GetUpdates Response", "result":"Success", "context":Received 250 update(s). cV=onv2EO9Q2O+nqX8GfwLkhh.0;server=akswtt103000014;cloudType=Consumer;environment=Prod_southindia_prod-s01-004-apac-southindia;migrationStage=NotStarted Some updates remain.}
{"logTime": "0330/091611", "correlationVector":"4mfw1uGgvlWBxsy6a0j5Tf","action":"Initial GetUpdates", "result":"", "context":Reason: NEWLY_SUPPORTED_DATATYPE. cV=4mfw1uGgvlWBxsy6a0j5Tf}
{"logTime": "0330/091612", "correlationVector":"4mfw1uGgvlWBxsy6a0j5Tf.1","action":"SyncServerConnectionManagerRequest", "result":"SYNC_SERVER_OK", "context":{"environment":"Prod_southindia_prod-s01-004-apac-southindia", "migrationStage":"NotStarted", "server":"akswtt10300000q"}}
{"logTime": "0330/091612", "correlationVector":"4mfw1uGgvlWBxsy6a0j5Tf.2","action":"ProcessGetUpdates", "result":"Done", "context":{"dataType":"Preferences", "deleted":"0", "process_failed_to_decrypt":"0", "process_pending_decryption":"0", "process_success":"1", "total":"1"}}
{"logTime": "0330/091612", "correlationVector":"4mfw1uGgvlWBxsy6a0j5Tf.3","action":"ProcessGetUpdates", "result":"Done", "context":{"dataType":"Passwords", "deleted":"0", "process_failed_to_decrypt":"0", "process_pending_decryption":"0", "process_success":"249", "total":"249"}}
{"logTime": "0330/091612", "correlationVector":"4mfw1uGgvlWBxsy6a0j5Tf.4","action":"GetUpdates Response", "result":"Success", "context":Received 250 update(s). cV=4mfw1uGgvlWBxsy6a0j5Tf.0;server=akswtt10300000q;cloudType=Consumer;environment=Prod_southindia_prod-s01-004-apac-southindia;migrationStage=NotStarted Some updates remain.}
{"logTime": "0330/091612", "correlationVector":"cgnt6s2YHkPXB+YCVX5OgL","action":"Initial GetUpdates", "result":"", "context":Reason: NEWLY_SUPPORTED_DATATYPE. cV=cgnt6s2YHkPXB+YCVX5OgL}
{"logTime": "0330/091613", "correlationVector":"cgnt6s2YHkPXB+YCVX5OgL.1","action":"SyncServerConnectionManagerRequest", "result":"SYNC_SERVER_OK", "context":{"environment":"Prod_southindia_prod-s01-004-apac-southindia", "migrationStage":"NotStarted", "server":"akswtt10300001h"}}
{"logTime": "0330/091613", "correlationVector":"cgnt6s2YHkPXB+YCVX5OgL.2","action":"ProcessGetUpdates", "result":"Done", "context":{"dataType":"Preferences", "deleted":"0", "process_failed_to_decrypt":"0", "process_pending_decryption":"0", "process_success":"2", "total":"2"}}
{"logTime": "0330/091613", "correlationVector":"cgnt6s2YHkPXB+YCVX5OgL.3","action":"ProcessGetUpdates", "result":"Done", "context":{"dataType":"Passwords", "deleted":"0", "process_failed_to_decrypt":"0", "process_pending_decryption":"0", "process_success":"6", "total":"6"}}
{"logTime": "0330/091613", "correlationVector":"cgnt6s2YHkPXB+YCVX5OgL.4","action":"GetUpdates Response", "result":"Success", "context":Received 8 update(s). cV=cgnt6s2YHkPXB+YCVX5OgL.0;server=akswtt10300001h;cloudType=Consumer;environment=Prod_southindia_prod-s01-004-apac-southindia;migrationStage=NotStarted}
{"logTime": "0330/091613", "correlationVector":"Wg4VgekrG3zhVEGjmEQefO","action":"Initial GetUpdates", "result":"", "context":Reason: NEWLY_SUPPORTED_DATATYPE. cV=Wg4VgekrG3zhVEGjmEQefO}
{"logTime": "0330/091614", "correlationVector":"Wg4VgekrG3zhVEGjmEQefO.1","action":"SyncServerConnectionManagerRequest", "result":"SYNC_SERVER_OK", "context":{"environment":"Prod_southindia_prod-s01-004-apac-southindia", "migrationStage":"NotStarted", "server":"akswtt10300000z"}}
{"logTime": "0330/091614", "correlationVector":"Wg4VgekrG3zhVEGjmEQefO.2","action":"ProcessGetUpdates", "result":"Done", "context":{"dataType":"Bookmarks", "deleted":"0", "process_failed_to_decrypt":"0", "process_pending_decryption":"0", "process_success":"167", "total":"167"}}
{"logTime": "0330/091614", "correlationVector":"Wg4VgekrG3zhVEGjmEQefO.3","action":"GetUpdates Response", "result":"Success", "context":Received 167 update(s). cV=Wg4VgekrG3zhVEGjmEQefO.0;server=akswtt10300000z;cloudType=Consumer;environment=Prod_southindia_prod-s01-004-apac-southindia;migrationStage=NotStarted}
{"logTime": "0330/091614", "correlationVector":"gwnqrY86NetoXj6G2aLfns","action":"Initial GetUpdates", "result":"", "context":Reason: NEWLY_SUPPORTED_DATATYPE. cV=gwnqrY86NetoXj6G2aLfns}
{"logTime": "0330/091615", "correlationVector":"gwnqrY86NetoXj6G2aLfns.1","action":"SyncServerConnectionManagerRequest", "result":"SYNC_SERVER_OK", "context":{"environment":"Prod_southindia_prod-s01-004-apac-southindia", "migrationStage":"NotStarted", "server":"akswtt10300001h"}}
{"logTime": "0330/091615", "correlationVector":"gwnqrY86NetoXj6G2aLfns.2","action":"ProcessGetUpdates", "result":"Done", "context":{"dataType":"Autofill Profiles", "deleted":"0", "process_failed_to_decrypt":"0", "process_pending_decryption":"0", "process_success":"1", "total":"1"}}
{"logTime": "0330/091615", "correlationVector":"gwnqrY86NetoXj6G2aLfns.3","action":"ProcessGetUpdates", "result":"Done", "context":{"dataType":"Autofill", "deleted":"0", "process_failed_to_decrypt":"0", "process_pending_decryption":"0", "process_success":"209", "total":"209"}}
{"logTime": "0330/091615", "correlationVector":"gwnqrY86NetoXj6G2aLfns.4","action":"ProcessGetUpdates", "result":"Done", "context":{"dataType":"Extensions", "deleted":"0", "process_failed_to_decrypt":"0", "process_pending_decryption":"0", "process_success":"14", "total":"14"}}
{"logTime": "0330/091615", "correlationVector":"gwnqrY86NetoXj6G2aLfns.5","action":"ProcessGetUpdates", "result":"Done", "context":{"dataType":"Extension settings", "deleted":"0", "process_failed_to_decrypt":"0", "process_pending_decryption":"0", "process_success":"25", "total":"25"}}
{"logTime": "0330/091615", "correlationVector":"gwnqrY86NetoXj6G2aLfns.6","action":"ProcessGetUpdates", "result":"Done", "context":{"dataType":"Web Apps", "deleted":"0", "process_failed_to_decrypt":"0", "process_pending_decryption":"0", "process_success":"1", "total":"1"}}
{"logTime": "0330/091615", "correlationVector":"gwnqrY86NetoXj6G2aLfns.7","action":"GetUpdates Response", "result":"Success", "context":Received 250 update(s). cV=gwnqrY86NetoXj6G2aLfns.0;server=akswtt10300001h;cloudType=Consumer;environment=Prod_southindia_prod-s01-004-apac-southindia;migrationStage=NotStarted Some updates remain.}
{"logTime": "0330/091615", "correlationVector":"O98G97aVoE8xiucT6+8rrr","action":"Initial GetUpdates", "result":"", "context":Reason: NEWLY_SUPPORTED_DATATYPE. cV=O98G97aVoE8xiucT6+8rrr}
{"logTime": "0330/091616", "correlationVector":"O98G97aVoE8xiucT6+8rrr.1","action":"SyncServerConnectionManagerRequest", "result":"SYNC_SERVER_OK", "context":{"environment":"Prod_southindia_prod-s01-004-apac-southindia", "migrationStage":"NotStarted", "server":"akswtt10300000z"}}
{"logTime": "0330/091616", "correlationVector":"O98G97aVoE8xiucT6+8rrr.2","action":"ProcessGetUpdates", "result":"Done", "context":{"dataType":"Autofill", "deleted":"0", "process_failed_to_decrypt":"0", "process_pending_decryption":"0", "process_success":"250", "total":"250"}}
{"logTime": "0330/091616", "correlationVector":"O98G97aVoE8xiucT6+8rrr.3","action":"GetUpdates Response", "result":"Success", "context":Received 250 update(s). cV=O98G97aVoE8xiucT6+8rrr.0;server=akswtt10300000z;cloudType=Consumer;environment=Prod_southindia_prod-s01-004-apac-southindia;migrationStage=NotStarted Some updates remain.}
{"logTime": "0330/091616", "correlationVector":"TK/8S2eqe3b+zE2WOHFqzv","action":"Initial GetUpdates", "result":"", "context":Reason: NEWLY_SUPPORTED_DATATYPE. cV=TK/8S2eqe3b+zE2WOHFqzv}
{"logTime": "0330/091617", "correlationVector":"TK/8S2eqe3b+zE2WOHFqzv.1","action":"SyncServerConnectionManagerRequest", "result":"SYNC_SERVER_OK", "context":{"environment":"Prod_southindia_prod-s01-004-apac-southindia", "migrationStage":"NotStarted", "server":"akswtt10300000q"}}
{"logTime": "0330/091617", "correlationVector":"TK/8S2eqe3b+zE2WOHFqzv.2","action":"ProcessGetUpdates", "result":"Done", "context":{"dataType":"Autofill", "deleted":"0", "process_failed_to_decrypt":"0", "process_pending_decryption":"0", "process_success":"250", "total":"250"}}
{"logTime": "0330/091617", "correlationVector":"TK/8S2eqe3b+zE2WOHFqzv.3","action":"GetUpdates Response", "result":"Success", "context":Received 250 update(s). cV=TK/8S2eqe3b+zE2WOHFqzv.0;server=akswtt10300000q;cloudType=Consumer;environment=Prod_southindia_prod-s01-004-apac-southindia;migrationStage=NotStarted Some updates remain.}
{"logTime": "0330/091617", "correlationVector":"Qakxo6crjWQrqys6ahf5Z8","action":"Initial GetUpdates", "result":"", "context":Reason: NEWLY_SUPPORTED_DATATYPE. cV=Qakxo6crjWQrqys6ahf5Z8}
{"logTime": "0330/091618", "correlationVector":"Qakxo6crjWQrqys6ahf5Z8.1","action":"SyncServerConnectionManagerRequest", "result":"SYNC_SERVER_OK", "context":{"environment":"Prod_southindia_prod-s01-004-apac-southindia", "migrationStage":"NotStarted", "server":"akswtt10300000n"}}
{"logTime": "0330/091618", "correlationVector":"Qakxo6crjWQrqys6ahf5Z8.2","action":"ProcessGetUpdates", "result":"Done", "context":{"dataType":"Autofill", "deleted":"0", "process_failed_to_decrypt":"0", "process_pending_decryption":"0", "process_success":"250", "total":"250"}}
{"logTime": "0330/091618", "correlationVector":"Qakxo6crjWQrqys6ahf5Z8.3","action":"GetUpdates Response", "result":"Success", "context":Received 250 update(s). cV=Qakxo6crjWQrqys6ahf5Z8.0;server=akswtt10300000n;cloudType=Consumer;environment=Prod_southindia_prod-s01-004-apac-southindia;migrationStage=NotStarted Some updates remain.}
{"logTime": "0330/091618", "correlationVector":"ns40h9gc8Dzgt0vsVT1caA","action":"Initial GetUpdates", "result":"", "context":Reason: NEWLY_SUPPORTED_DATATYPE. cV=ns40h9gc8Dzgt0vsVT1caA}
{"logTime": "0330/091618", "correlationVector":"ns40h9gc8Dzgt0vsVT1caA.1","action":"SyncServerConnectionManagerRequest", "result":"SYNC_SERVER_OK", "context":{"environment":"Prod_southindia_prod-s01-004-apac-southindia", "migrationStage":"NotStarted", "server":"akswtt103000003"}}
{"logTime": "0330/091618", "correlationVector":"ns40h9gc8Dzgt0vsVT1caA.2","action":"ProcessGetUpdates", "result":"Done", "context":{"dataType":"Autofill", "deleted":"0", "process_failed_to_decrypt":"0", "process_pending_decryption":"0", "process_success":"250", "total":"250"}}
{"logTime": "0330/091618", "correlationVector":"ns40h9gc8Dzgt0vsVT1caA.3","action":"GetUpdates Response", "result":"Success", "context":Received 250 update(s). cV=ns40h9gc8Dzgt0vsVT1caA.0;server=akswtt103000003;cloudType=Consumer;environment=Prod_southindia_prod-s01-004-apac-southindia;migrationStage=NotStarted Some updates remain.}
{"logTime": "0330/091618", "correlationVector":"BpcYk+96G8V6o5GjK9flKm","action":"Initial GetUpdates", "result":"", "context":Reason: NEWLY_SUPPORTED_DATATYPE. cV=BpcYk+96G8V6o5GjK9flKm}
{"logTime": "0330/091620", "correlationVector":"BpcYk+96G8V6o5GjK9flKm.1","action":"SyncServerConnectionManagerRequest", "result":"SYNC_SERVER_OK", "context":{"environment":"Prod_southindia_prod-s01-004-apac-southindia", "migrationStage":"NotStarted", "server":"akswtt10300000p"}}
{"logTime": "0330/091620", "correlationVector":"BpcYk+96G8V6o5GjK9flKm.2","action":"ProcessGetUpdates", "result":"Done", "context":{"dataType":"Autofill", "deleted":"0", "process_failed_to_decrypt":"0", "process_pending_decryption":"0", "process_success":"250", "total":"250"}}
{"logTime": "0330/091620", "correlationVector":"BpcYk+96G8V6o5GjK9flKm.3","action":"GetUpdates Response", "result":"Success", "context":Received 250 update(s). cV=BpcYk+96G8V6o5GjK9flKm.0;server=akswtt10300000p;cloudType=Consumer;environment=Prod_southindia_prod-s01-004-apac-southindia;migrationStage=NotStarted Some updates remain.}
{"logTime": "0330/091620", "correlationVector":"bwDIYAiP/viS4D2EE0pIi2","action":"Initial GetUpdates", "result":"", "context":Reason: NEWLY_SUPPORTED_DATATYPE. cV=bwDIYAiP/viS4D2EE0pIi2}
{"logTime": "0330/091629", "correlationVector":"bwDIYAiP/viS4D2EE0pIi2.1","action":"SyncServerConnectionManagerRequest", "result":"SYNC_SERVER_OK", "context":{"environment":"Prod_southindia_prod-s01-004-apac-southindia", "migrationStage":"NotStarted", "server":"akswtt10300000t"}}
{"logTime": "0330/091629", "correlationVector":"bwDIYAiP/viS4D2EE0pIi2.2","action":"ProcessGetUpdates", "result":"Done", "context":{"dataType":"Autofill", "deleted":"0", "process_failed_to_decrypt":"0", "process_pending_decryption":"0", "process_success":"250", "total":"250"}}
{"logTime": "0330/091629", "correlationVector":"bwDIYAiP/viS4D2EE0pIi2.3","action":"GetUpdates Response", "result":"Success", "context":Received 250 update(s). cV=bwDIYAiP/viS4D2EE0pIi2.0;server=akswtt10300000t;cloudType=Consumer;environment=Prod_southindia_prod-s01-004-apac-southindia;migrationStage=NotStarted Some updates remain.}
{"logTime": "0330/091629", "correlationVector":"kbiZUjTwg4DzzwAR7CBgIE","action":"Initial GetUpdates", "result":"", "context":Reason: NEWLY_SUPPORTED_DATATYPE. cV=kbiZUjTwg4DzzwAR7CBgIE}
{"logTime": "0330/091630", "correlationVector":"kbiZUjTwg4DzzwAR7CBgIE.1","action":"SyncServerConnectionManagerRequest", "result":"SYNC_SERVER_OK", "context":{"environment":"Prod_southindia_prod-s01-004-apac-southindia", "migrationStage":"NotStarted", "server":"akswtt10300001i"}}
{"logTime": "0330/091630", "correlationVector":"kbiZUjTwg4DzzwAR7CBgIE.2","action":"ProcessGetUpdates", "result":"Done", "context":{"dataType":"Autofill", "deleted":"0", "process_failed_to_decrypt":"0", "process_pending_decryption":"0", "process_success":"250", "total":"250"}}
{"logTime": "0330/091630", "correlationVector":"kbiZUjTwg4DzzwAR7CBgIE.3","action":"GetUpdates Response", "result":"Success", "context":Received 250 update(s). cV=kbiZUjTwg4DzzwAR7CBgIE.0;server=akswtt10300001i;cloudType=Consumer;environment=Prod_southindia_prod-s01-004-apac-southindia;migrationStage=NotStarted Some updates remain.}
{"logTime": "0330/091630", "correlationVector":"K8HoFxFkT/fl5zf3qagXEB","action":"Initial GetUpdates", "result":"", "context":Reason: NEWLY_SUPPORTED_DATATYPE. cV=K8HoFxFkT/fl5zf3qagXEB}
{"logTime": "0330/091631", "correlationVector":"K8HoFxFkT/fl5zf3qagXEB.1","action":"SyncServerConnectionManagerRequest", "result":"SYNC_SERVER_OK", "context":{"environment":"Prod_southindia_prod-s01-004-apac-southindia", "migrationStage":"NotStarted", "server":"akswtt10300000h"}}
{"logTime": "0330/091631", "correlationVector":"K8HoFxFkT/fl5zf3qagXEB.2","action":"ProcessGetUpdates", "result":"Done", "context":{"dataType":"Autofill", "deleted":"0", "process_failed_to_decrypt":"0", "process_pending_decryption":"0", "process_success":"250", "total":"250"}}
{"logTime": "0330/091631", "correlationVector":"K8HoFxFkT/fl5zf3qagXEB.3","action":"GetUpdates Response", "result":"Success", "context":Received 250 update(s). cV=K8HoFxFkT/fl5zf3qagXEB.0;server=akswtt10300000h;cloudType=Consumer;environment=Prod_southindia_prod-s01-004-apac-southindia;migrationStage=NotStarted Some updates remain.}
{"logTime": "0330/091631", "correlationVector":"O8yth6MVh8GcgOaskzKdX9","action":"Initial GetUpdates", "result":"", "context":Reason: NEWLY_SUPPORTED_DATATYPE. cV=O8yth6MVh8GcgOaskzKdX9}
{"logTime": "0330/091632", "correlationVector":"O8yth6MVh8GcgOaskzKdX9.1","action":"SyncServerConnectionManagerRequest", "result":"SYNC_SERVER_OK", "context":{"environment":"Prod_southindia_prod-s01-004-apac-southindia", "migrationStage":"NotStarted", "server":"akswtt10300001i"}}
{"logTime": "0330/091632", "correlationVector":"O8yth6MVh8GcgOaskzKdX9.2","action":"ProcessGetUpdates", "result":"Done", "context":{"dataType":"Autofill Profiles", "deleted":"0", "process_failed_to_decrypt":"0", "process_pending_decryption":"0", "process_success":"1", "total":"1"}}
{"logTime": "0330/091632", "correlationVector":"O8yth6MVh8GcgOaskzKdX9.3","action":"ProcessGetUpdates", "result":"Done", "context":{"dataType":"Autofill", "deleted":"0", "process_failed_to_decrypt":"0", "process_pending_decryption":"0", "process_success":"246", "total":"246"}}
{"logTime": "0330/091632", "correlationVector":"O8yth6MVh8GcgOaskzKdX9.4","action":"ProcessGetUpdates", "result":"Done", "context":{"dataType":"Sessions", "deleted":"1", "process_failed_to_decrypt":"0", "process_pending_decryption":"0", "process_success":"1", "total":"1"}}
{"logTime": "0330/091632", "correlationVector":"O8yth6MVh8GcgOaskzKdX9.5","action":"ProcessGetUpdates", "result":"Done", "context":{"dataType":"Edge Hub App Usage", "deleted":"1", "process_failed_to_decrypt":"0", "process_pending_decryption":"0", "process_success":"2", "total":"2"}}
{"logTime": "0330/091632", "correlationVector":"O8yth6MVh8GcgOaskzKdX9.6","action":"GetUpdates Response", "result":"Success", "context":Received 250 update(s). cV=O8yth6MVh8GcgOaskzKdX9.0;server=akswtt10300001i;cloudType=Consumer;environment=Prod_southindia_prod-s01-004-apac-southindia;migrationStage=NotStarted Some updates remain.}
{"logTime": "0330/091632", "correlationVector":"ZQ/vIt6mnOMGGqyKL0Juy6","action":"Initial GetUpdates", "result":"", "context":Reason: NEWLY_SUPPORTED_DATATYPE. cV=ZQ/vIt6mnOMGGqyKL0Juy6}
{"logTime": "0330/091633", "correlationVector":"ZQ/vIt6mnOMGGqyKL0Juy6.1","action":"SyncServerConnectionManagerRequest", "result":"SYNC_SERVER_OK", "context":{"environment":"Prod_southindia_prod-s01-004-apac-southindia", "migrationStage":"NotStarted", "server":"akswtt10300000h"}}
{"logTime": "0330/091633", "correlationVector":"ZQ/vIt6mnOMGGqyKL0Juy6.2","action":"ProcessGetUpdates", "result":"Done", "context":{"dataType":"Autofill", "deleted":"0", "process_failed_to_decrypt":"0", "process_pending_decryption":"0", "process_success":"250", "total":"250"}}
{"logTime": "0330/091634", "correlationVector":"ZQ/vIt6mnOMGGqyKL0Juy6.3","action":"GetUpdates Response", "result":"Success", "context":Received 250 update(s). cV=ZQ/vIt6mnOMGGqyKL0Juy6.0;server=akswtt10300000h;cloudType=Consumer;environment=Prod_southindia_prod-s01-004-apac-southindia;migrationStage=NotStarted Some updates remain.}
{"logTime": "0330/091634", "correlationVector":"SMlcUmA/SWaNw6gf+j8+EU","action":"Initial GetUpdates", "result":"", "context":Reason: NEWLY_SUPPORTED_DATATYPE. cV=SMlcUmA/SWaNw6gf+j8+EU}
{"logTime": "0330/091635", "correlationVector":"SMlcUmA/SWaNw6gf+j8+EU.1","action":"SyncServerConnectionManagerRequest", "result":"SYNC_SERVER_OK", "context":{"environment":"Prod_southindia_prod-s01-004-apac-southindia", "migrationStage":"NotStarted", "server":"akswtt10300000r"}}
{"logTime": "0330/091635", "correlationVector":"SMlcUmA/SWaNw6gf+j8+EU.2","action":"ProcessGetUpdates", "result":"Done", "context":{"dataType":"Autofill", "deleted":"0", "process_failed_to_decrypt":"0", "process_pending_decryption":"0", "process_success":"250", "total":"250"}}
{"logTime": "0330/091635", "correlationVector":"SMlcUmA/SWaNw6gf+j8+EU.3","action":"GetUpdates Response", "result":"Success", "context":Received 250 update(s). cV=SMlcUmA/SWaNw6gf+j8+EU.0;server=akswtt10300000r;cloudType=Consumer;environment=Prod_southindia_prod-s01-004-apac-southindia;migrationStage=NotStarted Some updates remain.}
{"logTime": "0330/091635", "correlationVector":"3vbEzuCf4zZXKe+RI2B8IB","action":"Initial GetUpdates", "result":"", "context":Reason: NEWLY_SUPPORTED_DATATYPE. cV=3vbEzuCf4zZXKe+RI2B8IB}
{"logTime": "0330/091636", "correlationVector":"3vbEzuCf4zZXKe+RI2B8IB.1","action":"SyncServerConnectionManagerRequest", "result":"SYNC_SERVER_OK", "context":{"environment":"Prod_southindia_prod-s01-004-apac-southindia", "migrationStage":"NotStarted", "server":"akswtt10300000q"}}
{"logTime": "0330/091636", "correlationVector":"3vbEzuCf4zZXKe+RI2B8IB.2","action":"ProcessGetUpdates", "result":"Done", "context":{"dataType":"Autofill", "deleted":"0", "process_failed_to_decrypt":"0", "process_pending_decryption":"0", "process_success":"250", "total":"250"}}
{"logTime": "0330/091636", "correlationVector":"3vbEzuCf4zZXKe+RI2B8IB.3","action":"GetUpdates Response", "result":"Success", "context":Received 250 update(s). cV=3vbEzuCf4zZXKe+RI2B8IB.0;server=akswtt10300000q;cloudType=Consumer;environment=Prod_southindia_prod-s01-004-apac-southindia;migrationStage=NotStarted Some updates remain.}
{"logTime": "0330/091636", "correlationVector":"otKY1nwZGBdyJkzIEpqlze","action":"Initial GetUpdates", "result":"", "context":Reason: NEWLY_SUPPORTED_DATATYPE. cV=otKY1nwZGBdyJkzIEpqlze}
{"logTime": "0330/091637", "correlationVector":"otKY1nwZGBdyJkzIEpqlze.1","action":"SyncServerConnectionManagerRequest", "result":"SYNC_SERVER_OK", "context":{"environment":"Prod_southindia_prod-s01-004-apac-southindia", "migrationStage":"NotStarted", "server":"akswtt10300000h"}}
{"logTime": "0330/091637", "correlationVector":"otKY1nwZGBdyJkzIEpqlze.2","action":"ProcessGetUpdates", "result":"Done", "context":{"dataType":"Autofill", "deleted":"0", "process_failed_to_decrypt":"0", "process_pending_decryption":"0", "process_success":"247", "total":"247"}}
{"logTime": "0330/091637", "correlationVector":"otKY1nwZGBdyJkzIEpqlze.3","action":"ProcessGetUpdates", "result":"Done", "context":{"dataType":"Sessions", "deleted":"3", "process_failed_to_decrypt":"0", "process_pending_decryption":"0", "process_success":"3", "total":"3"}}
{"logTime": "0330/091637", "correlationVector":"otKY1nwZGBdyJkzIEpqlze.4","action":"GetUpdates Response", "result":"Success", "context":Received 250 update(s). cV=otKY1nwZGBdyJkzIEpqlze.0;server=akswtt10300000h;cloudType=Consumer;environment=Prod_southindia_prod-s01-004-apac-southindia;migrationStage=NotStarted Some updates remain.}
{"logTime": "0330/091637", "correlationVector":"TTznpnGACD79E5MVIaLFD9","action":"Initial GetUpdates", "result":"", "context":Reason: NEWLY_SUPPORTED_DATATYPE. cV=TTznpnGACD79E5MVIaLFD9}
{"logTime": "0330/091639", "correlationVector":"TTznpnGACD79E5MVIaLFD9.1","action":"SyncServerConnectionManagerRequest", "result":"SYNC_SERVER_OK", "context":{"environment":"Prod_southindia_prod-s01-004-apac-southindia", "migrationStage":"NotStarted", "server":"akswtt103000001"}}
{"logTime": "0330/091639", "correlationVector":"TTznpnGACD79E5MVIaLFD9.2","action":"ProcessGetUpdates", "result":"Done", "context":{"dataType":"Autofill", "deleted":"0", "process_failed_to_decrypt":"0", "process_pending_decryption":"0", "process_success":"250", "total":"250"}}
{"logTime": "0330/091639", "correlationVector":"TTznpnGACD79E5MVIaLFD9.3","action":"GetUpdates Response", "result":"Success", "context":Received 250 update(s). cV=TTznpnGACD79E5MVIaLFD9.0;server=akswtt103000001;cloudType=Consumer;environment=Prod_southindia_prod-s01-004-apac-southindia;migrationStage=NotStarted Some updates remain.}
{"logTime": "0330/091639", "correlationVector":"eSuIx4V4NCYPE0FVfU2L88","action":"Initial GetUpdates", "result":"", "context":Reason: NEWLY_SUPPORTED_DATATYPE. cV=eSuIx4V4NCYPE0FVfU2L88}
{"logTime": "0330/091639", "correlationVector":"eSuIx4V4NCYPE0FVfU2L88.1","action":"SyncServerConnectionManagerRequest", "result":"SYNC_SERVER_OK", "context":{"environment":"Prod_southindia_prod-s01-004-apac-southindia", "migrationStage":"NotStarted", "server":"akswtt10300000a"}}
{"logTime": "0330/091640", "correlationVector":"eSuIx4V4NCYPE0FVfU2L88.2","action":"ProcessGetUpdates", "result":"Done", "context":{"dataType":"Autofill", "deleted":"0", "process_failed_to_decrypt":"0", "process_pending_decryption":"0", "process_success":"250", "total":"250"}}
{"logTime": "0330/091640", "correlationVector":"eSuIx4V4NCYPE0FVfU2L88.3","action":"GetUpdates Response", "result":"Success", "context":Received 250 update(s). cV=eSuIx4V4NCYPE0FVfU2L88.0;server=akswtt10300000a;cloudType=Consumer;environment=Prod_southindia_prod-s01-004-apac-southindia;migrationStage=NotStarted Some updates remain.}
{"logTime": "0330/091640", "correlationVector":"fu3Ii4TwXqlsYjG6Ttf3IG","action":"Initial GetUpdates", "result":"", "context":Reason: NEWLY_SUPPORTED_DATATYPE. cV=fu3Ii4TwXqlsYjG6Ttf3IG}
{"logTime": "0330/091640", "correlationVector":"fu3Ii4TwXqlsYjG6Ttf3IG.1","action":"SyncServerConnectionManagerRequest", "result":"SYNC_SERVER_OK", "context":{"environment":"Prod_southindia_prod-s01-004-apac-southindia", "migrationStage":"NotStarted", "server":"akswtt10300000h"}}
{"logTime": "0330/091640", "correlationVector":"fu3Ii4TwXqlsYjG6Ttf3IG.2","action":"ProcessGetUpdates", "result":"Done", "context":{"dataType":"Autofill", "deleted":"0", "process_failed_to_decrypt":"0", "process_pending_decryption":"0", "process_success":"250", "total":"250"}}
{"logTime": "0330/091640", "correlationVector":"fu3Ii4TwXqlsYjG6Ttf3IG.3","action":"GetUpdates Response", "result":"Success", "context":Received 250 update(s). cV=fu3Ii4TwXqlsYjG6Ttf3IG.0;server=akswtt10300000h;cloudType=Consumer;environment=Prod_southindia_prod-s01-004-apac-southindia;migrationStage=NotStarted Some updates remain.}
{"logTime": "0330/091640", "correlationVector":"jtpnNcDQpQ/u7nVki8gvzw","action":"Initial GetUpdates", "result":"", "context":Reason: NEWLY_SUPPORTED_DATATYPE. cV=jtpnNcDQpQ/u7nVki8gvzw}
{"logTime": "0330/091642", "correlationVector":"jtpnNcDQpQ/u7nVki8gvzw.1","action":"SyncServerConnectionManagerRequest", "result":"SYNC_SERVER_OK", "context":{"environment":"Prod_southeastasia_prod-s01-065-apac-southeastasia", "migrationStage":"NotStarted", "server":"akswtt112000011"}}
{"logTime": "0330/091642", "correlationVector":"jtpnNcDQpQ/u7nVki8gvzw.2","action":"ProcessGetUpdates", "result":"Done", "context":{"dataType":"Autofill", "deleted":"0", "process_failed_to_decrypt":"0", "process_pending_decryption":"0", "process_success":"250", "total":"250"}}
{"logTime": "0330/091642", "correlationVector":"jtpnNcDQpQ/u7nVki8gvzw.3","action":"GetUpdates Response", "result":"Success", "context":Received 250 update(s). cV=jtpnNcDQpQ/u7nVki8gvzw.0;server=akswtt112000011;cloudType=Consumer;environment=Prod_southeastasia_prod-s01-065-apac-southeastasia;migrationStage=NotStarted Some updates remain.}
{"logTime": "0330/091642", "correlationVector":"UVgx9WlKqdp7XjsQiKl5i0","action":"Initial GetUpdates", "result":"", "context":Reason: NEWLY_SUPPORTED_DATATYPE. cV=UVgx9WlKqdp7XjsQiKl5i0}
{"logTime": "0330/091643", "correlationVector":"UVgx9WlKqdp7XjsQiKl5i0.1","action":"SyncServerConnectionManagerRequest", "result":"SYNC_SERVER_OK", "context":{"environment":"Prod_southindia_prod-s01-004-apac-southindia", "migrationStage":"NotStarted", "server":"akswtt10300000u"}}
{"logTime": "0330/091643", "correlationVector":"UVgx9WlKqdp7XjsQiKl5i0.2","action":"ProcessGetUpdates", "result":"Done", "context":{"dataType":"Autofill", "deleted":"0", "process_failed_to_decrypt":"0", "process_pending_decryption":"0", "process_success":"250", "total":"250"}}
{"logTime": "0330/091643", "correlationVector":"UVgx9WlKqdp7XjsQiKl5i0.3","action":"GetUpdates Response", "result":"Success", "context":Received 250 update(s). cV=UVgx9WlKqdp7XjsQiKl5i0.0;server=akswtt10300000u;cloudType=Consumer;environment=Prod_southindia_prod-s01-004-apac-southindia;migrationStage=NotStarted Some updates remain.}
{"logTime": "0330/091643", "correlationVector":"WAOSTkBwNXYBahLT+0phov","action":"Initial GetUpdates", "result":"", "context":Reason: NEWLY_SUPPORTED_DATATYPE. cV=WAOSTkBwNXYBahLT+0phov}
{"logTime": "0330/091643", "correlationVector":"WAOSTkBwNXYBahLT+0phov.1","action":"SyncServerConnectionManagerRequest", "result":"SYNC_SERVER_OK", "context":{"environment":"Prod_southeastasia_prod-s01-065-apac-southeastasia", "migrationStage":"NotStarted", "server":"akswtt112000011"}}
{"logTime": "0330/091643", "correlationVector":"WAOSTkBwNXYBahLT+0phov.2","action":"ProcessGetUpdates", "result":"Done", "context":{"dataType":"Autofill Profiles", "deleted":"0", "process_failed_to_decrypt":"0", "process_pending_decryption":"0", "process_success":"2", "total":"2"}}
{"logTime": "0330/091643", "correlationVector":"WAOSTkBwNXYBahLT+0phov.3","action":"ProcessGetUpdates", "result":"Done", "context":{"dataType":"Autofill", "deleted":"0", "process_failed_to_decrypt":"0", "process_pending_decryption":"0", "process_success":"132", "total":"132"}}
{"logTime": "0330/091643", "correlationVector":"WAOSTkBwNXYBahLT+0phov.4","action":"ProcessGetUpdates", "result":"Done", "context":{"dataType":"Extensions", "deleted":"0", "process_failed_to_decrypt":"0", "process_pending_decryption":"0", "process_success":"3", "total":"3"}}
{"logTime": "0330/091643", "correlationVector":"WAOSTkBwNXYBahLT+0phov.5","action":"ProcessGetUpdates", "result":"Done", "context":{"dataType":"Sessions", "deleted":"52", "process_failed_to_decrypt":"0", "process_pending_decryption":"0", "process_success":"55", "total":"55"}}
{"logTime": "0330/091643", "correlationVector":"WAOSTkBwNXYBahLT+0phov.6","action":"ProcessGetUpdates", "result":"Done", "context":{"dataType":"Extension settings", "deleted":"0", "process_failed_to_decrypt":"0", "process_pending_decryption":"0", "process_success":"2", "total":"2"}}
{"logTime": "0330/091643", "correlationVector":"WAOSTkBwNXYBahLT+0phov.7","action":"ProcessGetUpdates", "result":"Done", "context":{"dataType":"Web Apps", "deleted":"0", "process_failed_to_decrypt":"0", "process_pending_decryption":"0", "process_success":"1", "total":"1"}}
{"logTime": "0330/091643", "correlationVector":"WAOSTkBwNXYBahLT+0phov.8","action":"ProcessGetUpdates", "result":"Done", "context":{"dataType":"Edge Hub App Usage", "deleted":"2", "process_failed_to_decrypt":"0", "process_pending_decryption":"0", "process_success":"3", "total":"3"}}
{"logTime": "0330/091643", "correlationVector":"WAOSTkBwNXYBahLT+0phov.9","action":"GetUpdates Response", "result":"Success", "context":Received 198 update(s). cV=WAOSTkBwNXYBahLT+0phov.0;server=akswtt112000011;cloudType=Consumer;environment=Prod_southeastasia_prod-s01-065-apac-southeastasia;migrationStage=NotStarted}
{"logTime": "0330/091643", "correlationVector":"/yLtUtlahQX6Q3sxJuawup","action":"Initial GetUpdates", "result":"", "context":Reason: NEWLY_SUPPORTED_DATATYPE. cV=/yLtUtlahQX6Q3sxJuawup}
{"logTime": "0330/091644", "correlationVector":"/yLtUtlahQX6Q3sxJuawup.1","action":"SyncServerConnectionManagerRequest", "result":"SYNC_SERVER_OK", "context":{"environment":"Prod_southindia_prod-s01-004-apac-southindia", "migrationStage":"NotStarted", "server":"akswtt10300000t"}}
{"logTime": "0330/091644", "correlationVector":"/yLtUtlahQX6Q3sxJuawup.2","action":"ProcessGetUpdates", "result":"Done", "context":{"dataType":"History", "deleted":"0", "process_failed_to_decrypt":"0", "process_pending_decryption":"0", "process_success":"16", "total":"16"}}
{"logTime": "0330/091644", "correlationVector":"/yLtUtlahQX6Q3sxJuawup.3","action":"GetUpdates Response", "result":"Success", "context":Received 16 update(s). cV=/yLtUtlahQX6Q3sxJuawup.0;server=akswtt10300000t;cloudType=Consumer;environment=Prod_southindia_prod-s01-004-apac-southindia;migrationStage=NotStarted}
{"logTime": "0330/091644", "correlationVector":"jKd0d+Mngkd3QM7cWFXDrv","action":"Normal GetUpdate request", "result":"", "context":cV=jKd0d+Mngkd3QM7cWFXDrv
Nudged types: Sessions, Device Info, User Consents
Refresh requested types: Bookmarks, Preferences, Passwords, Autofill Profiles, Autofill, Extensions, Sessions, Extension settings, History Delete Directives, Device Info, User Consents, Send Tab To Self, Web Apps, History, Saved Tab Group, WebAuthn Credentials, Collection, Edge E Drop, Edge Hub App Usage, Edge Wallet, Edge Workspace, Encryption Keys}
{"logTime": "0330/091647", "correlationVector":"jKd0d+Mngkd3QM7cWFXDrv.1","action":"SyncServerConnectionManagerRequest", "result":"SYNC_SERVER_OK", "context":{"environment":"Prod_southindia_prod-s01-004-apac-southindia", "migrationStage":"NotStarted", "server":"akswtt10300001i"}}
{"logTime": "0330/091647", "correlationVector":"jKd0d+Mngkd3QM7cWFXDrv.2","action":"GetUpdates Response", "result":"Success", "context":Received 0 update(s). cV=jKd0d+Mngkd3QM7cWFXDrv.0;server=akswtt10300001i;cloudType=Consumer;environment=Prod_southindia_prod-s01-004-apac-southindia;migrationStage=NotStarted}
{"logTime": "0330/091647", "correlationVector":"lEInw+Yd7ETE75/yk3ZwH8","action":"DoCompareDataConsistency: ", "result":"has local changes and skip compare"}
{"logTime": "0330/091647", "correlationVector":"yMusdPXrPtGmNQumcP5iBd","action":"Commit Request", "result":"", "context":Item count: 6
Contributing types: Sessions, Device Info, User Consents, History}
{"logTime": "0330/091649", "correlationVector":"yMusdPXrPtGmNQumcP5iBd.1","action":"SyncServerConnectionManagerRequest", "result":"SYNC_SERVER_OK", "context":{"environment":"Prod_southindia_prod-s01-004-apac-southindia", "migrationStage":"NotStarted", "server":"akswtt10300001i"}}
{"logTime": "0330/091649", "correlationVector":"yMusdPXrPtGmNQumcP5iBd.2","action":"Commit Response", "result":"Success", "context":Result: Success. cV=yMusdPXrPtGmNQumcP5iBd.0;server=akswtt10300001i;cloudType=Consumer;environment=Prod_southindia_prod-s01-004-apac-southindia;migrationStage=NotStarted}
{"logTime": "0330/091758", "correlationVector":"amSK99K7URBE6GRuY8n/qR","action":"Commit Request", "result":"", "context":Item count: 5
Contributing types: Sessions, History}
{"logTime": "0330/091759", "correlationVector":"amSK99K7URBE6GRuY8n/qR.1","action":"SyncServerConnectionManagerRequest", "result":"SYNC_SERVER_OK", "context":{"environment":"Prod_southindia_prod-s01-004-apac-southindia", "migrationStage":"NotStarted", "server":"akswtt10300000a"}}
{"logTime": "0330/091759", "correlationVector":"amSK99K7URBE6GRuY8n/qR.2","action":"Commit Response", "result":"Success", "context":Result: Success. cV=amSK99K7URBE6GRuY8n/qR.0;server=akswtt10300000a;cloudType=Consumer;environment=Prod_southindia_prod-s01-004-apac-southindia;migrationStage=NotStarted}
{"logTime": "0330/091814", "correlationVector":"mAJUdSLymtz0h8LWrUOOpp","action":"Commit Request", "result":"", "context":Item count: 40
Contributing types: Passwords}
{"logTime": "0330/091816", "correlationVector":"mAJUdSLymtz0h8LWrUOOpp.1","action":"SyncServerConnectionManagerRequest", "result":"SYNC_SERVER_OK", "context":{"environment":"Prod_southindia_prod-s01-004-apac-southindia", "migrationStage":"NotStarted", "server":"akswtt10300000p"}}
{"logTime": "0330/091816", "correlationVector":"mAJUdSLymtz0h8LWrUOOpp.2","action":"Commit Response", "result":"Success", "context":Result: Success. cV=mAJUdSLymtz0h8LWrUOOpp.0;server=akswtt10300000p;cloudType=Consumer;environment=Prod_southindia_prod-s01-004-apac-southindia;migrationStage=NotStarted}
{"logTime": "0330/091818", "correlationVector":"xE4yN7YlZT01FSHRCTaXd0","action":"Commit Request", "result":"", "context":Item count: 40
Contributing types: Passwords}
{"logTime": "0330/091820", "correlationVector":"xE4yN7YlZT01FSHRCTaXd0.1","action":"SyncServerConnectionManagerRequest", "result":"SYNC_SERVER_OK", "context":{"environment":"Prod_southeastasia_prod-s01-064-apac-southeastasia", "migrationStage":"NotStarted", "server":"akswtt112000002"}}
{"logTime": "0330/091820", "correlationVector":"xE4yN7YlZT01FSHRCTaXd0.2","action":"Commit Response", "result":"Success", "context":Result: Success. cV=xE4yN7YlZT01FSHRCTaXd0.0;server=akswtt112000002;cloudType=Consumer;environment=Prod_southeastasia_prod-s01-064-apac-southeastasia;migrationStage=NotStarted}
{"logTime": "0330/091821", "correlationVector":"/VpyZizNVfI5ecNovZ+po5","action":"Commit Request", "result":"", "context":Item count: 40
Contributing types: Passwords}
{"logTime": "0330/091823", "correlationVector":"/VpyZizNVfI5ecNovZ+po5.1","action":"SyncServerConnectionManagerRequest", "result":"SYNC_SERVER_OK", "context":{"environment":"Prod_southindia_prod-s01-004-apac-southindia", "migrationStage":"NotStarted", "server":"akswtt10300001i"}}
{"logTime": "0330/091823", "correlationVector":"/VpyZizNVfI5ecNovZ+po5.2","action":"Commit Response", "result":"Success", "context":Result: Success. cV=/VpyZizNVfI5ecNovZ+po5.0;server=akswtt10300001i;cloudType=Consumer;environment=Prod_southindia_prod-s01-004-apac-southindia;migrationStage=NotStarted}
{"logTime": "0330/091823", "correlationVector":"N5sYVUYn9Q4CLhwI3Wwrt/","action":"Commit Request", "result":"", "context":Item count: 40
Contributing types: Passwords}
{"logTime": "0330/091828", "correlationVector":"N5sYVUYn9Q4CLhwI3Wwrt/.1","action":"SyncServerConnectionManagerRequest", "result":"SYNC_SERVER_OK", "context":{"environment":"Prod_southindia_prod-s01-004-apac-southindia", "migrationStage":"NotStarted", "server":"akswtt10300000t"}}
{"logTime": "0330/091828", "correlationVector":"N5sYVUYn9Q4CLhwI3Wwrt/.2","action":"Commit Response", "result":"Success", "context":Result: Success. cV=N5sYVUYn9Q4CLhwI3Wwrt/.0;server=akswtt10300000t;cloudType=Consumer;environment=Prod_southindia_prod-s01-004-apac-southindia;migrationStage=NotStarted}
{"logTime": "0330/091828", "correlationVector":"KnWuB3a87lExOwDkOj6971","action":"Commit Request", "result":"", "context":Item count: 40
Contributing types: Passwords}
{"logTime": "0330/091831", "correlationVector":"KnWuB3a87lExOwDkOj6971.1","action":"SyncServerConnectionManagerRequest", "result":"SYNC_SERVER_OK", "context":{"environment":"Prod_southindia_prod-s01-004-apac-southindia", "migrationStage":"NotStarted", "server":"akswtt103000014"}}
{"logTime": "0330/091831", "correlationVector":"KnWuB3a87lExOwDkOj6971.2","action":"Commit Response", "result":"Success", "context":Result: Success. cV=KnWuB3a87lExOwDkOj6971.0;server=akswtt103000014;cloudType=Consumer;environment=Prod_southindia_prod-s01-004-apac-southindia;migrationStage=NotStarted}
{"logTime": "0330/091831", "correlationVector":"/bBAAoOpXs4J/5GF+2xDtf","action":"Commit Request", "result":"", "context":Item count: 40
Contributing types: Passwords}
{"logTime": "0330/091834", "correlationVector":"/bBAAoOpXs4J/5GF+2xDtf.1","action":"SyncServerConnectionManagerRequest", "result":"SYNC_SERVER_OK", "context":{"environment":"Prod_southindia_prod-s01-004-apac-southindia", "migrationStage":"NotStarted", "server":"akswtt10300000a"}}
{"logTime": "0330/091834", "correlationVector":"/bBAAoOpXs4J/5GF+2xDtf.2","action":"Commit Response", "result":"Success", "context":Result: Success. cV=/bBAAoOpXs4J/5GF+2xDtf.0;server=akswtt10300000a;cloudType=Consumer;environment=Prod_southindia_prod-s01-004-apac-southindia;migrationStage=NotStarted}
{"logTime": "0330/091834", "correlationVector":"yAL1PS/VP06v++UuvVWoIy","action":"Commit Request", "result":"", "context":Item count: 40
Contributing types: Passwords}
{"logTime": "0330/091837", "correlationVector":"yAL1PS/VP06v++UuvVWoIy.1","action":"SyncServerConnectionManagerRequest", "result":"SYNC_SERVER_OK", "context":{"environment":"Prod_southeastasia_prod-s01-065-apac-southeastasia", "migrationStage":"NotStarted", "server":"akswtt11200000k"}}
{"logTime": "0330/091837", "correlationVector":"yAL1PS/VP06v++UuvVWoIy.2","action":"Commit Response", "result":"Success", "context":Result: Success. cV=yAL1PS/VP06v++UuvVWoIy.0;server=akswtt11200000k;cloudType=Consumer;environment=Prod_southeastasia_prod-s01-065-apac-southeastasia;migrationStage=NotStarted}
{"logTime": "0330/091837", "correlationVector":"xZB3jhdbmF9l6pVpPUGWOA","action":"Commit Request", "result":"", "context":Item count: 24
Contributing types: Preferences, Passwords, Sessions, History}
{"logTime": "0330/091841", "correlationVector":"xZB3jhdbmF9l6pVpPUGWOA.1","action":"SyncServerConnectionManagerRequest", "result":"SYNC_SERVER_OK", "context":{"environment":"Prod_southindia_prod-s01-004-apac-southindia", "migrationStage":"NotStarted", "server":"akswtt10300001i"}}
{"logTime": "0330/091841", "correlationVector":"xZB3jhdbmF9l6pVpPUGWOA.2","action":"Commit Response", "result":"Success", "context":Result: Success. cV=xZB3jhdbmF9l6pVpPUGWOA.0;server=akswtt10300001i;cloudType=Consumer;environment=Prod_southindia_prod-s01-004-apac-southindia;migrationStage=NotStarted}
{"logTime": "0330/091941", "correlationVector":"WMX/KjaNhEEo/KIDMy/2zL","action":"Commit Request", "result":"", "context":Item count: 4
Contributing types: Sessions, History}
{"logTime": "0330/091941", "correlationVector":"WMX/KjaNhEEo/KIDMy/2zL.1","action":"SyncServerConnectionManagerRequest", "result":"SYNC_SERVER_OK", "context":{"environment":"Prod_southeastasia_prod-s01-065-apac-southeastasia", "migrationStage":"NotStarted", "server":"akswtt11200000k"}}
{"logTime": "0330/091941", "correlationVector":"WMX/KjaNhEEo/KIDMy/2zL.2","action":"Commit Response", "result":"Success", "context":Result: Success. cV=WMX/KjaNhEEo/KIDMy/2zL.0;server=akswtt11200000k;cloudType=Consumer;environment=Prod_southeastasia_prod-s01-065-apac-southeastasia;migrationStage=NotStarted}
{"logTime": "0330/092143", "correlationVector":"Yav2LWlXyBsEkj/meFqNKG.1","action":"SyncServerConnectionManagerRequest", "result":"SYNC_SERVER_OK", "context":{"environment":"Prod_southindia_prod-s01-004-apac-southindia", "migrationStage":"NotStarted", "server":"akswtt103000003"}}
{"logTime": "0330/092143", "correlationVector":"Yav2LWlXyBsEkj/meFqNKG.2","action":"ProcessGetUpdates", "result":"Done", "context":{"dataType":"Encryption Keys", "deleted":"0", "process_failed_to_decrypt":"0", "process_pending_decryption":"0", "process_success":"1", "total":"1"}}
{"logTime": "0330/092144", "correlationVector":"U8GaKY19887NxXAhHCAJ0t","action":"SyncServerConnectionManagerRequest", "result":"SYNC_SERVER_OK", "context":{"environment":"", "migrationStage":"", "server":""}}
{"logTime": "0330/092144", "correlationVector":"U8GaKY19887NxXAhHCAJ0t.0","action":"EncryptionKeysFetcher.DownloadKeys:", "result":"Success", "context":Key count: 9, Last key timestamp: 2026-01-02T12:42:04Z}
{"logTime": "0330/092144", "correlationVector":"U8GaKY19887NxXAhHCAJ0t.1","action":"EncryptionKeysManager::SetEncryptionKeys:", "result":"Success", "context":Key names[9]:[aLir/gRHVh7NuzfrjSJk+pi6xmVmSHL8MGO1OUIXCjoJVD0G+/6YVHkp10/lAOOXL6sfn5IHpqFk8yyXljvX3g==][j97V0vUi5O2Y8uf5iMqy8w2nhYhj5kvZTMFy2C6ojtiw7afo6JsR4CPi5j1avERIe6Y8L6vxPxkBciUZdZoKUw==][e65TMtdznfw2rv/cdRzYHZcqJXvCOX6RCIE/7r3ddeexxCmk+8rm8qsiz8e4SV7zBCTzr/DSaWbppB4dO7aJaA==][JFAtql9bvAg+7eJzua4XfvcEG3sUzhyQVKA7L1853xi5WsXF4Mp+4CiYU7GwJJYvn0AOuiRTgi4/D6fn1H9kNg==][wQoGxrIROJ5KImU3XcCDT8PFtSaHnQi3IKk2c4Z0JqH9qalaocqo0JLqAj2eFuF2fWRDBvBMGKynh7wV6upqcg==][Mw+qwdGULettMSLF4eb8EtYVlK7MFSRegUFWzMJLz+OuMt+1V09dbRpsnJP481hYFwNVv2nuY2jhVKUUJCw1eg==][5TnOWgWQ26I1nusgAgcDyfJ2qnL/DZYAU9jFZINyMyDmfRJWQ4Gnzlao7zj2bxyWjMOG+4/I2Vu/ahLns2xBTQ==][PA3WX6yjlnSF75CJhFxU4/yj0ZSkzHNI3ONK+7KaL5QRaqE07nDQo4gnHk2G72q5+lSTq2P1NJTBZe0cRsYhbg==][7lRWNsDcrwVfLrKHDOAlmPbAsCYS10xNuBg11IyiwfI6zJVX+2xDe4xiQN7yOCDVLfyfZSyVuEwqhf2iqkgCmQ==]}
{"logTime": "0330/092144", "correlationVector":"U8GaKY19887NxXAhHCAJ0t.2","action":"EncryptionKeysManager::SetEncryptionKeysWithTimestamps:", "result":"Success", "context":Key timestamps[9]:[2022-04-13T16:21:36Z][2022-10-11T11:20:28Z][2023-04-09T13:10:20Z][2023-07-01T15:56:49Z][2023-12-29T12:04:54Z][2024-06-26T17:58:13Z][2025-01-02T18:47:03Z][2025-07-06T11:24:51Z][2026-01-02T12:42:04Z]}
{"logTime": "0330/092144", "correlationVector":"Yav2LWlXyBsEkj/meFqNKG","action":"Initial GetUpdates", "result":"", "context":Reason: NEW_CLIENT. cV=Yav2LWlXyBsEkj/meFqNKG}
{"logTime": "0330/092144", "correlationVector":"Yav2LWlXyBsEkj/meFqNKG.3","action":"GetUpdates Response", "result":"Success", "context":Received 1 update(s). cV=Yav2LWlXyBsEkj/meFqNKG.0;server=akswtt103000003;cloudType=Consumer;environment=Prod_southindia_prod-s01-004-apac-southindia;migrationStage=NotStarted}
{"logTime": "0330/092144", "correlationVector":"uRMmW44BMKDXnDXx6JlKUG","action":"Initial GetUpdates", "result":"", "context":Reason: NEWLY_SUPPORTED_DATATYPE. cV=uRMmW44BMKDXnDXx6JlKUG}
{"logTime": "0330/092146", "correlationVector":"uRMmW44BMKDXnDXx6JlKUG.1","action":"SyncServerConnectionManagerRequest", "result":"SYNC_SERVER_OK", "context":{"environment":"Prod_southindia_prod-s01-004-apac-southindia", "migrationStage":"NotStarted", "server":"akswtt10300000z"}}
{"logTime": "0330/092146", "correlationVector":"uRMmW44BMKDXnDXx6JlKUG.2","action":"ProcessGetUpdates", "result":"Done", "context":{"dataType":"Passwords", "deleted":"0", "process_failed_to_decrypt":"0", "process_pending_decryption":"0", "process_success":"250", "total":"250"}}
{"logTime": "0330/092146", "correlationVector":"uRMmW44BMKDXnDXx6JlKUG.3","action":"GetUpdates Response", "result":"Success", "context":Received 250 update(s). cV=uRMmW44BMKDXnDXx6JlKUG.0;server=akswtt10300000z;cloudType=Consumer;environment=Prod_southindia_prod-s01-004-apac-southindia;migrationStage=NotStarted Some updates remain.}
{"logTime": "0330/092146", "correlationVector":"/TVlyGJ7tc1pzywFjk1V3U","action":"Initial GetUpdates", "result":"", "context":Reason: NEWLY_SUPPORTED_DATATYPE. cV=/TVlyGJ7tc1pzywFjk1V3U}
{"logTime": "0330/092146", "correlationVector":"/TVlyGJ7tc1pzywFjk1V3U.1","action":"SyncServerConnectionManagerRequest", "result":"SYNC_SERVER_OK", "context":{"environment":"Prod_southindia_prod-s01-004-apac-southindia", "migrationStage":"NotStarted", "server":"akswtt10300001g"}}
{"logTime": "0330/092146", "correlationVector":"/TVlyGJ7tc1pzywFjk1V3U.2","action":"ProcessGetUpdates", "result":"Done", "context":{"dataType":"Passwords", "deleted":"0", "process_failed_to_decrypt":"0", "process_pending_decryption":"0", "process_success":"149", "total":"149"}}
{"logTime": "0330/092146", "correlationVector":"/TVlyGJ7tc1pzywFjk1V3U.3","action":"GetUpdates Response", "result":"Success", "context":Received 149 update(s). cV=/TVlyGJ7tc1pzywFjk1V3U.0;server=akswtt10300001g;cloudType=Consumer;environment=Prod_southindia_prod-s01-004-apac-southindia;migrationStage=NotStarted}
{"logTime": "0330/092146", "correlationVector":"t09aPw0XGXx4C4GwKaZlK5","action":"Normal GetUpdate request", "result":"", "context":cV=t09aPw0XGXx4C4GwKaZlK5
Nudged types: Preferences, Sessions, Device Info, History
Refresh requested types: Bookmarks, Preferences, Passwords, Autofill Profiles, Autofill, Extensions, Sessions, Extension settings, History Delete Directives, Device Info, User Consents, Send Tab To Self, Web Apps, History, Saved Tab Group, WebAuthn Credentials, Collection, Edge E Drop, Edge Hub App Usage, Edge Wallet, Edge Workspace, Encryption Keys}
{"logTime": "0330/092147", "correlationVector":"t09aPw0XGXx4C4GwKaZlK5.1","action":"SyncServerConnectionManagerRequest", "result":"SYNC_SERVER_OK", "context":{"environment":"Prod_southindia_prod-s01-004-apac-southindia", "migrationStage":"NotStarted", "server":"akswtt10300000i"}}
{"logTime": "0330/092147", "correlationVector":"t09aPw0XGXx4C4GwKaZlK5.2","action":"ProcessGetUpdates", "result":"Done", "context":{"dataType":"Sessions", "deleted":"0", "process_failed_to_decrypt":"0", "process_pending_decryption":"0", "process_success":"1", "total":"1"}}
{"logTime": "0330/092147", "correlationVector":"t09aPw0XGXx4C4GwKaZlK5.3","action":"ProcessGetUpdates", "result":"Done", "context":{"dataType":"Device Info", "deleted":"0", "process_failed_to_decrypt":"0", "process_pending_decryption":"0", "process_success":"1", "total":"1"}}
{"logTime": "0330/092147", "correlationVector":"t09aPw0XGXx4C4GwKaZlK5.4","action":"ProcessGetUpdates", "result":"Done", "context":{"dataType":"History", "deleted":"0", "process_failed_to_decrypt":"0", "process_pending_decryption":"0", "process_success":"3", "total":"3"}}
{"logTime": "0330/092147", "correlationVector":"t09aPw0XGXx4C4GwKaZlK5.5","action":"GetUpdates Response", "result":"Success", "context":Received 5 update(s). cV=t09aPw0XGXx4C4GwKaZlK5.0;server=akswtt10300000i;cloudType=Consumer;environment=Prod_southindia_prod-s01-004-apac-southindia;migrationStage=NotStarted Some updates remain.}
{"logTime": "0330/092147", "correlationVector":"tqq+LXLq/y+nTIWluq9bWx","action":"Normal GetUpdate request", "result":"", "context":cV=tqq+LXLq/y+nTIWluq9bWx
Nudged types: Preferences, Sessions, Device Info, History
Refresh requested types: Bookmarks, Preferences, Passwords, Autofill Profiles, Autofill, Extensions, Sessions, Extension settings, History Delete Directives, Device Info, User Consents, Send Tab To Self, Web Apps, History, Saved Tab Group, WebAuthn Credentials, Collection, Edge E Drop, Edge Hub App Usage, Edge Wallet, Edge Workspace, Encryption Keys}
{"logTime": "0330/092148", "correlationVector":"tqq+LXLq/y+nTIWluq9bWx.1","action":"SyncServerConnectionManagerRequest", "result":"SYNC_SERVER_OK", "context":{"environment":"Prod_southeastasia_prod-s01-064-apac-southeastasia", "migrationStage":"NotStarted", "server":"akswtt11200000s"}}
{"logTime": "0330/092148", "correlationVector":"tqq+LXLq/y+nTIWluq9bWx.2","action":"ProcessGetUpdates", "result":"Done", "context":{"dataType":"Preferences", "deleted":"0", "process_failed_to_decrypt":"0", "process_pending_decryption":"0", "process_success":"1", "total":"1"}}
{"logTime": "0330/092148", "correlationVector":"tqq+LXLq/y+nTIWluq9bWx.3","action":"ProcessGetUpdates", "result":"Done", "context":{"dataType":"Sessions", "deleted":"0", "process_failed_to_decrypt":"0", "process_pending_decryption":"0", "process_success":"1", "total":"1"}}
{"logTime": "0330/092148", "correlationVector":"tqq+LXLq/y+nTIWluq9bWx.4","action":"ProcessGetUpdates", "result":"Done", "context":{"dataType":"History", "deleted":"0", "process_failed_to_decrypt":"0", "process_pending_decryption":"0", "process_success":"4", "total":"4"}}
{"logTime": "0330/092148", "correlationVector":"tqq+LXLq/y+nTIWluq9bWx.5","action":"GetUpdates Response", "result":"Success", "context":Received 6 update(s). cV=tqq+LXLq/y+nTIWluq9bWx.0;server=akswtt11200000s;cloudType=Consumer;environment=Prod_southeastasia_prod-s01-064-apac-southeastasia;migrationStage=NotStarted}
{"logTime": "0330/092155", "correlationVector":"ZDZiP6czMVLMDw46f8HNgm","action":"Commit Request", "result":"", "context":Item count: 5
Contributing types: Preferences, Sessions, Device Info}
{"logTime": "0330/092156", "correlationVector":"ZDZiP6czMVLMDw46f8HNgm.1","action":"SyncServerConnectionManagerRequest", "result":"SYNC_SERVER_OK", "context":{"environment":"Prod_southindia_prod-s01-004-apac-southindia", "migrationStage":"NotStarted", "server":"akswtt10300000n"}}
{"logTime": "0330/092156", "correlationVector":"ZDZiP6czMVLMDw46f8HNgm.2","action":"Commit Response", "result":"Success", "context":Result: Success. cV=ZDZiP6czMVLMDw46f8HNgm.0;server=akswtt10300000n;cloudType=Consumer;environment=Prod_southindia_prod-s01-004-apac-southindia;migrationStage=NotStarted}
{"logTime": "0330/092156", "correlationVector":"ZDZiP6czMVLMDw46f8HNgm.3","action":"Commit.Sessions", "result":"Success", "context":{"id":"0bf6096c-4342-4672-9777-8427261b9fb8", "isDeleted":"true", "size":"0", "version":"1774862401684"}}
{"logTime": "0330/092302", "correlationVector":"BJKAmVR4VlCLsrKpO3sTWl","action":"Commit Request", "result":"", "context":Item count: 3
Contributing types: Sessions, History}
{"logTime": "0330/092313", "correlationVector":"BJKAmVR4VlCLsrKpO3sTWl.1","action":"SyncServerConnectionManagerRequest", "result":"SYNC_SERVER_OK", "context":{"environment":"Prod_southindia_prod-s01-004-apac-southindia", "migrationStage":"NotStarted", "server":"akswtt103000017"}}
{"logTime": "0330/092313", "correlationVector":"BJKAmVR4VlCLsrKpO3sTWl.2","action":"Commit Response", "result":"Success", "context":Result: Success. cV=BJKAmVR4VlCLsrKpO3sTWl.0;server=akswtt103000017;cloudType=Consumer;environment=Prod_southindia_prod-s01-004-apac-southindia;migrationStage=NotStarted}
